AR generic_spi_fsm behavioral "C:/Users/Kyle/Development/Senior Design/DLP-HS-FPGA2RxTest/RxTest/Generic_SPI_FSM.vhd" sub00/vhpl01 1358978967
EN generic_spi_fsm NULL "C:/Users/Kyle/Development/Senior Design/DLP-HS-FPGA2RxTest/RxTest/Generic_SPI_FSM.vhd" sub00/vhpl00 1358978966
AR rx_driver behavioral "C:/Users/Kyle/Development/Senior Design/DLP-HS-FPGA2RxTest/RxTest/rx_driver.vhd" sub00/vhpl05 1358978973
EN rxtest NULL "C:/Users/Kyle/Development/Senior Design/DLP-HS-FPGA2RxTest/RxTest/RxTest.vhd" sub00/vhpl06 1358978974
AR ftdi_driver behavioral "C:/Users/Kyle/Development/Senior Design/DLP-HS-FPGA2RxTest/RxTest/ftdi_driver.vhd" sub00/vhpl04 1358978971
EN packet_cntl NULL "C:/Users/Kyle/Development/Senior Design/DLP-HS-FPGA2RxTest/RxTest/packet_cntl.vhd" sub00/vhpl08 1358978968
EN rx_driver NULL "C:/Users/Kyle/Development/Senior Design/DLP-HS-FPGA2RxTest/RxTest/rx_driver.vhd" sub00/vhpl02 1358978972
AR packet_cntl behavioral "C:/Users/Kyle/Development/Senior Design/DLP-HS-FPGA2RxTest/RxTest/packet_cntl.vhd" sub00/vhpl09 1358978969
AR rxtest behavioral "C:/Users/Kyle/Development/Senior Design/DLP-HS-FPGA2RxTest/RxTest/RxTest.vhd" sub00/vhpl07 1358978975
EN ftdi_driver NULL "C:/Users/Kyle/Development/Senior Design/DLP-HS-FPGA2RxTest/RxTest/ftdi_driver.vhd" sub00/vhpl03 1358978970
