EN fifo_writer NULL "C:/Users/Kyle/Development/Senior Design/DLP-HS-FPGA2TxTest/fifo_writer.vhd" sub00/vhpl02 1358868476
EN pointer_control NULL "C:/Users/Kyle/Development/Senior Design/DLP-HS-FPGA2TxTest/pointer_control.vhd" sub00/vhpl10 1358868468
AR generic_spi_fsm behavioral "C:/Users/Kyle/Development/Senior Design/DLP-HS-FPGA2TxTest/Generic_SPI_FSM.vhd" sub00/vhpl15 1358868463
AR fifo fifo_a "C:/Users/Kyle/Development/Senior Design/DLP-HS-FPGA2TxTest/ipcore_dir/fifo.vhd" sub00/vhpl01 1358868475
AR fifo_writer behavioral "C:/Users/Kyle/Development/Senior Design/DLP-HS-FPGA2TxTest/fifo_writer.vhd" sub00/vhpl03 1358868477
EN generic_spi_fsm NULL "C:/Users/Kyle/Development/Senior Design/DLP-HS-FPGA2TxTest/Generic_SPI_FSM.vhd" sub00/vhpl14 1358868462
AR fifo_reader behavioral "C:/Users/Kyle/Development/Senior Design/DLP-HS-FPGA2TxTest/fifo_reader.vhd" sub00/vhpl07 1358868473
AR txtest behavioral "C:/Users/Kyle/Development/Senior Design/DLP-HS-FPGA2TxTest/TxTest.vhd" sub00/vhpl05 1358868479
EN packet_control NULL "C:/Users/Kyle/Development/Senior Design/DLP-HS-FPGA2TxTest/packet_control.vhd" sub00/vhpl12 1358868466
EN tx_module NULL "C:/Users/Kyle/Development/Senior Design/DLP-HS-FPGA2TxTest/tx_module.vhd" sub00/vhpl16 1358868464
EN txtest NULL "C:/Users/Kyle/Development/Senior Design/DLP-HS-FPGA2TxTest/TxTest.vhd" sub00/vhpl04 1358868478
AR ftdi_driver behavioral "C:/Users/Kyle/Development/Senior Design/DLP-HS-FPGA2TxTest/ftdi_driver.vhd" sub00/vhpl09 1358868471
AR packet_control behavioral "C:/Users/Kyle/Development/Senior Design/DLP-HS-FPGA2TxTest/packet_control.vhd" sub00/vhpl13 1358868467
EN fifo_reader NULL "C:/Users/Kyle/Development/Senior Design/DLP-HS-FPGA2TxTest/fifo_reader.vhd" sub00/vhpl06 1358868472
AR tx_module behavioral "C:/Users/Kyle/Development/Senior Design/DLP-HS-FPGA2TxTest/tx_module.vhd" sub00/vhpl17 1358868465
AR pointer_control behavioral "C:/Users/Kyle/Development/Senior Design/DLP-HS-FPGA2TxTest/pointer_control.vhd" sub00/vhpl11 1358868469
EN fifo NULL "C:/Users/Kyle/Development/Senior Design/DLP-HS-FPGA2TxTest/ipcore_dir/fifo.vhd" sub00/vhpl00 1358868474
EN ftdi_driver NULL "C:/Users/Kyle/Development/Senior Design/DLP-HS-FPGA2TxTest/ftdi_driver.vhd" sub00/vhpl08 1358868470
